// Jest Snapshot v1, https://goo.gl/fbAQLP

exports[`testing App component snapshot App component 1`] = `<Chat />`;
